08:14:44 **** Incremental Build of configuration Debug for project IMU_Sensor ****
make -j12 all 
arm-none-eabi-gcc "../Core/Src/main.c" -mcpu=cortex-m4 -std=gnu11 -g3 -DDEBUG -DUSE_HAL_DRIVER -DSTM32L476xx -c -I../Core/Inc -I../Drivers/STM32L4xx_HAL_Driver/Inc -I../Drivers/STM32L4xx_HAL_Driver/Inc/Legacy -I../Drivers/CMSIS/Device/ST/STM32L4xx/Include -I../Drivers/CMSIS/Include -O0 -ffunction-sections -fdata-sections -Wall -fstack-usage -MMD -MP -MF"Core/Src/main.d" -MT"Core/Src/main.o" --specs=nano.specs -mfpu=fpv4-sp-d16 -mfloat-abi=hard -mthumb -o "Core/Src/main.o"
../Core/Src/main.c: In function 'main':
../Core/Src/main.c:83:8: warning: unused variable 'Entier_part' [-Wunused-variable]
   83 |  float Entier_part;
      |        ^~~~~~~~~~~
../Core/Src/main.c:82:8: warning: unused variable 'Decimal_part' [-Wunused-variable]
   82 |  float Decimal_part;
      |        ^~~~~~~~~~~~
../Core/Src/main.c:81:8: warning: unused variable 'humidity' [-Wunused-variable]
   81 |  float humidity;
      |        ^~~~~~~~
../Core/Src/main.c:80:17: warning: unused variable 'temperature' [-Wunused-variable]
   80 |  volatile float temperature;
      |                 ^~~~~~~~~~~
../Core/Src/main.c:79:20: warning: unused variable 'value' [-Wunused-variable]
   79 |  volatile uint16_t value;
      |                    ^~~~~
At top level:
../Core/Src/main.c:53:22: warning: 'CAPTEUR_CMD_LSB' defined but not used [-Wunused-const-variable=]
   53 | static const uint8_t CAPTEUR_CMD_LSB = 0x16;
      |                      ^~~~~~~~~~~~~~~
../Core/Src/main.c:52:22: warning: 'CAPTEUR_CMD_MSB' defined but not used [-Wunused-const-variable=]
   52 | static const uint8_t CAPTEUR_CMD_MSB = 0x24;
      |                      ^~~~~~~~~~~~~~~
arm-none-eabi-gcc -o "IMU_Sensor.elf" @"objects.list"   -mcpu=cortex-m4 -T"C:\Users\abdel\STM32CubeIDE\workspace_1.11.2\IMU_Sensor\STM32L476RGTX_FLASH.ld" --specs=nosys.specs -Wl,-Map="IMU_Sensor.map" -Wl,--gc-sections -static --specs=nano.specs -mfpu=fpv4-sp-d16 -mfloat-abi=hard -mthumb -Wl,--start-group -lc -lm -Wl,--end-group
Finished building target: IMU_Sensor.elf
 
arm-none-eabi-size   IMU_Sensor.elf 
arm-none-eabi-objdump -h -S  IMU_Sensor.elf  > "IMU_Sensor.list"
   text	   data	    bss	    dec	    hex	filename
  15392	     20	   1788	  17200	   4330	IMU_Sensor.elf
Finished building: default.size.stdout
 
Finished building: IMU_Sensor.list
 
08:14:46 **** Incremental Build of configuration Debug for project IMU_Sensor ****
make -j12 all 
arm-none-eabi-size   IMU_Sensor.elf 
   text	   data	    bss	    dec	    hex	filename
  15392	     20	   1788	  17200	   4330	IMU_Sensor.elf
Finished building: default.size.stdout
 
